---
source: crates/oscilloscope/src/tui.rs
expression: text
---
"┌────────────────────────────────────────────────────────────────────┐"
"│do-thing.yml  cof  running  5.0s  effects 3/3  ↑0 ↓0  ETA 3.0s      │"
"└────────────────────────────────────────────────────────────────────┘"
"┌ plan ──────────────────────────────────┐┌ details ─────────────────┐"
"│◐ prime                                 ││path   prime.fan          │"
"│✓ a  shell                              ││type   loop               │"
"│✓ b  shell                              ││plan   loop "fan"         │"
"│◐ fan  1/4                              ││                          │"
"│  ✓ iter_0  shell                       ││                          │"
"│                                        ││                          │"
"│                                        ││                          │"
"│                                        ││                          │"
"│                                        ││                          │"
"│                                        ││                          │"
"└────────────────────────────────────────┘└──────────────────────────┘"
"┌ log ───────────────────────────────────────────────────────────────┐"
"│                                                                    │"
"│                                                                    │"
"│                                                                    │"
"└────────────────────────────────────────────────────────────────────┘"
